# Gonderilen Telegram mesajlarinin append-only kaydi. Idempotency icin.
#
# Bicim: <gonderim zamani UTC> <anahtar>
# Anahtarlar:
#   ozet:{tarih}                          -> gunluk ozet mesaji
#   islem:{sembol}:{tarih}:{saat}:{yon}   -> tekil islem sinyali
#
# Anahtar burada varsa mesaj TEKRAR GONDERILMEZ. Bir mesaji bilerek yeniden
# gondermek istiyorsan ilgili satiri sil - baska yolu yok, bilincli boyle.
#
# Bu dosya repoya commit edilir: Actions her kosuda temiz checkout aldigi icin
# kayit commit edilmezse idempotency hicbir sey hatirlamaz.
2026-08-17T16:33:05+00:00 ozet:2026-08-17
2026-08-18T16:36:31+00:00 ozet:2026-08-18
2026-08-19T20:41:34+00:00 gunsonu:2026-08-19
2026-08-23T20:35:35+00:00 gunsonu:2026-08-23
2026-08-24T10:50:06+00:00 brifing:2026-08-24
2026-08-24T20:45:03+00:00 gunsonu:2026-08-24
2026-08-25T10:46:16+00:00 brifing:2026-08-25
2026-08-25T20:42:02+00:00 gunsonu:2026-08-25
2026-08-29T20:52:41+00:00 gunsonu:2026-08-29
2026-09-02T20:59:04+00:00 gunsonu:2026-09-02
2026-09-03T20:57:34+00:00 gunsonu:2026-09-03
2026-09-05T10:29:59+00:00 brifing:2026-09-05
2026-09-06T10:50:05+00:00 brifing:2026-09-06
2026-09-11T20:54:28+00:00 gunsonu:2026-09-11
2026-09-12T20:30:48+00:00 gunsonu:2026-09-12
2026-09-13T20:43:55+00:00 gunsonu:2026-09-13
2026-09-19T20:34:27+00:00 gunsonu:2026-09-19
2026-09-20T20:45:08+00:00 gunsonu:2026-09-20
2026-09-26T16:07:43+00:00 brifing:2026-09-26
2026-09-26T21:04:40+00:00 gunsonu:2026-09-26
2026-09-27T13:54:01+00:00 brifing:2026-09-27
2026-09-28T05:16:59+00:00 toplu:2026-09-28:0516
2026-09-28T05:16:59+00:00 gunsonu:2026-09-27
2026-09-28T13:45:44+00:00 brifing:2026-09-28
2026-09-28T20:31:34+00:00 gunsonu:2026-09-28
2026-09-29T16:28:59+00:00 brifing:2026-09-29
2026-09-30T05:25:52+00:00 toplu:2026-09-30:0525
2026-09-30T05:25:52+00:00 gunsonu:2026-09-29
2026-09-30T12:28:08+00:00 brifing:2026-09-30
2026-10-02T05:28:09+00:00 toplu:2026-10-02:0528
2026-10-02T05:28:09+00:00 gunsonu:2026-09-30
2026-10-02T05:28:09+00:00 gunsonu:2026-10-01
2026-10-02T12:25:20+00:00 brifing:2026-10-02
2026-10-03T05:11:19+00:00 toplu:2026-10-03:0511
2026-10-03T05:11:19+00:00 gunsonu:2026-10-02
2026-10-03T11:34:34+00:00 brifing:2026-10-03
2026-10-03T21:10:00+00:00 gunsonu:2026-10-03
2026-10-05T05:28:55+00:00 gunsonu:2026-10-04
2026-10-05T14:27:38+00:00 brifing:2026-10-05
2026-10-06T06:13:01+00:00 toplu:2026-10-06:0613
2026-10-06T06:13:01+00:00 gunsonu:2026-10-05
2026-10-06T15:04:43+00:00 brifing:2026-10-06
2026-10-06T20:56:32+00:00 gunsonu:2026-10-06
2026-10-07T17:24:31+00:00 brifing:2026-10-07
2026-10-08T05:54:47+00:00 toplu:2026-10-08:0554
2026-10-08T05:54:47+00:00 gunsonu:2026-10-07
